// Jest Snapshot v1, https://goo.gl/fbAQLP

exports[`sort 1`] = `
"{
  \\"name\\": \\"prettier-plugin-fixpack\\",
  \\"description\\": \\"Pretiter plugin\\",
  \\"version\\": \\"0.0.0\\",
  \\"author\\": \\"\\",
  \\"scripts\\": {
    \\"test\\": \\"jest\\"
  },
  \\"main\\": \\"lib/index.js\\",
  \\"files\\": [
    \\"lib\\"
  ],
  \\"dependencies\\": {
    \\"find-up\\": \\"^5.0.0\\",
    \\"json5\\": \\"^2.1.3\\"
  },
  \\"peerDependencies\\": {
    \\"prettier\\": \\"^2.1.1\\"
  },
  \\"devDependencies\\": {
    \\"@release-it/conventional-changelog\\": \\"^1.1.4\\",
    \\"jest\\": \\"^26.4.2\\",
    \\"prettier\\": \\"^2.1.1\\",
    \\"release-it\\": \\"^13.6.6\\"
  },
  \\"homepage\\": \\"https://github.com/uetchy/prettier-plugin-fixpack\\",
  \\"repository\\": {
    \\"type\\": \\"git\\",
    \\"url\\": \\"https://github.com/uetchy/prettier-plugin-fixpack.git\\"
  },
  \\"bugs\\": {
    \\"url\\": \\"https://github.com/uetchy/prettier-plugin-fixpack/issues\\"
  },
  \\"license\\": \\"Apache-2.0\\",
  \\"keywords\\": [
    \\"package.json\\",
    \\"prettier\\",
    \\"prettier-plugin\\"
  ],
  \\"a\\": 1,
  \\"b\\": 1,
  \\"engines\\": {
    \\"node\\": \\">= 12.18.3\\"
  }
}
"
`;
